 2021-12-27 21:33:10.311391491 +0200 EET m=+48.855770203   dynamically way dynamically   479   407
2021-12-27 21:33:10.615865222 +0200 EET m=+49.160243934   slice indices dynamically   116   403
2021-12-27 21:33:10.719171304 +0200 EET m=+49.263550016   With With indices   244   200
2021-12-27 21:33:11.483162681 +0200 EET m=+50.027541393   indices slice package   963   500
2021-12-27 21:33:12.134062437 +0200 EET m=+50.678441139   indices package slice   366   500
2021-12-27 21:33:12.651830973 +0200 EET m=+51.196209685   With way way   969   200
2021-12-27 21:33:13.070493236 +0200 EET m=+51.614871948   indices slice slice   694   500
2021-12-27 21:33:13.505166292 +0200 EET m=+52.049545004   slice slice slice   373   403
2021-12-27 21:33:13.744623199 +0200 EET m=+52.289001911   way indices With   483   206
2021-12-27 21:33:14.143263497 +0200 EET m=+52.687642199   way way excludes   611   206
2021-12-27 21:33:14.890286979 +0200 EET m=+53.434665681   slice dynamically indices   446   403
2021-12-27 21:33:15.621266758 +0200 EET m=+54.165645460   slice package package   375   403
2021-12-27 21:43:26.279634241 +0200 EET m=+0.000057359   dynamically package excludes   211   407
2021-12-27 21:43:27.086086645 +0200 EET m=+0.806509763   indices indices package   265   500
2021-12-27 21:43:27.618866049 +0200 EET m=+1.339289167   excludes dynamically With   292   404
2021-12-27 21:43:27.94140697 +0200 EET m=+1.661830088   indices indices excludes   640   500
2021-12-27 21:43:28.06676312 +0200 EET m=+1.787186238   slice indices way   887   403
2021-12-27 21:43:28.815481452 +0200 EET m=+2.535904560   excludes indices indices   780   404
2021-12-27 21:43:29.545456098 +0200 EET m=+3.265879216   dynamically way way   855   407
2021-12-27 21:43:29.772871731 +0200 EET m=+3.493294849   slice package way   326   403
2021-12-27 21:43:29.98830565 +0200 EET m=+3.708728768   dynamically excludes slice   50   407
2021-12-27 21:43:30.116073486 +0200 EET m=+3.836496604   With With dynamically   264   200
2021-12-27 21:43:30.658907993 +0200 EET m=+4.379331111   way dynamically package   387   206
2021-12-27 21:43:31.529996256 +0200 EET m=+5.250419374   With dynamically way   371   200
2021-12-27 21:43:31.846592172 +0200 EET m=+5.567015290   indices way With   659   500
2021-12-27 21:43:32.436402171 +0200 EET m=+6.156825289   package With way   530   400
2021-12-27 21:43:33.380613856 +0200 EET m=+7.101036974   With With excludes   462   200
2021-12-27 21:43:34.218703844 +0200 EET m=+7.939126962   slice dynamically dynamically   574   403
2021-12-27 21:43:34.972163422 +0200 EET m=+8.692586540   excludes dynamically way   196   404
2021-12-27 21:43:35.935307461 +0200 EET m=+9.655730579   package package dynamically   439   400
2021-12-27 21:43:36.122704914 +0200 EET m=+9.843128032   way slice indices   593   206
2021-12-27 21:43:36.47668669 +0200 EET m=+10.197109808   slice dynamically package   20   403
2021-12-27 21:43:36.489974312 +0200 EET m=+10.210397430   way dynamically indices   73   206
2021-12-29 23:00:25.513462713 +0200 EET m=+0.000030321   dynamically With dynamically   175   407
2021-12-29 23:00:25.637866765 +0200 EET m=+0.124434383   dynamically indices With   665   407
2021-12-29 23:00:25.680098824 +0200 EET m=+0.166666452   dynamically excludes With   919   407
2021-12-29 23:00:25.754334906 +0200 EET m=+0.240902534   indices excludes slice   194   500
2021-12-29 23:00:26.567773916 +0200 EET m=+1.054341544   dynamically slice With   320   407
2021-12-29 23:00:26.952394627 +0200 EET m=+1.438962255   way way slice   635   206
2021-12-29 23:00:27.864983974 +0200 EET m=+2.351551602   indices dynamically With   518   500
2021-12-29 23:00:28.510303959 +0200 EET m=+2.996871567   package excludes excludes   256   400
2021-12-29 23:00:29.318740689 +0200 EET m=+3.805308317   dynamically dynamically slice   50   407
2021-12-29 23:00:29.63325889 +0200 EET m=+4.119826518   dynamically dynamically package   810   407
2021-12-29 23:00:29.710941649 +0200 EET m=+4.197509277   slice package slice   911   403
2021-12-29 23:00:30.284857323 +0200 EET m=+4.771424941   dynamically package package   564   407
2021-12-29 23:00:31.014413096 +0200 EET m=+5.500980714   indices With dynamically   481   500
2021-12-29 23:00:31.272867723 +0200 EET m=+5.759435341   way slice dynamically   785   206
2021-12-29 23:00:32.156033038 +0200 EET m=+6.642600666   indices way indices   272   500
2021-12-29 23:00:32.483979972 +0200 EET m=+6.970547600   package With indices   633   400
2021-12-29 23:00:32.977739191 +0200 EET m=+7.464306809   excludes excludes slice   984   404
2021-12-29 23:00:33.709116949 +0200 EET m=+8.195684577   dynamically way way   423   407
2021-12-29 23:00:34.572656846 +0200 EET m=+9.059224474   excludes With slice   621   404
2021-12-29 23:00:35.362117963 +0200 EET m=+9.848685581   package dynamically dynamically   321   400
2021-12-29 23:00:35.855886862 +0200 EET m=+10.342454490   excludes With indices   610   404
2021-12-29 23:00:36.324033197 +0200 EET m=+10.810600815   indices With dynamically   362   500
2021-12-29 23:00:36.345247818 +0200 EET m=+10.831815426   excludes dynamically package   80   404
2021-12-29 23:00:37.205719752 +0200 EET m=+11.692287380   way way slice   421   206
2021-12-29 23:00:37.668974131 +0200 EET m=+12.155541759   With way slice   345   200
2021-12-29 23:00:38.023127552 +0200 EET m=+12.509695180   way indices way   850   206
2021-12-29 23:00:38.425272618 +0200 EET m=+12.911840246   With indices indices   11   200
2021-12-29 23:00:38.647724911 +0200 EET m=+13.134292539   indices indices excludes   577   500
2021-12-29 23:00:39.333097502 +0200 EET m=+13.819665130   package slice With   533   400
2021-12-29 23:00:39.695732658 +0200 EET m=+14.182300286   dynamically With way   771   407
2021-12-29 23:00:40.297016402 +0200 EET m=+14.783584030   indices package way   577   500
2021-12-29 23:00:40.910307044 +0200 EET m=+15.396874662   package excludes slice   228   400
2021-12-29 23:00:41.882067005 +0200 EET m=+16.368634663   excludes way excludes   904   404
2021-12-29 23:00:42.228050214 +0200 EET m=+16.714617842   indices indices excludes   887   500
2021-12-29 23:00:43.028140124 +0200 EET m=+17.514707752   way excludes indices   370   206
2021-12-29 23:00:43.79213365 +0200 EET m=+18.278701278   package indices way   579   400
2021-12-29 23:00:44.686282903 +0200 EET m=+19.172850531   indices package With   16   500
2021-12-29 23:00:45.440255782 +0200 EET m=+19.926823410   way package dynamically   988   206
2021-12-29 23:00:46.324767132 +0200 EET m=+20.811334760   slice With excludes   886   403
2021-12-29 23:00:46.623275493 +0200 EET m=+21.109843121   way excludes way   591   206
2021-12-29 23:00:47.478628401 +0200 EET m=+21.965196029   indices package package   525   500
2021-12-29 23:00:47.695995458 +0200 EET m=+22.182563066   package indices With   424   400
2021-12-29 23:00:48.122069545 +0200 EET m=+22.608637183   excludes package way   926   404
2021-12-29 23:00:48.729969969 +0200 EET m=+23.216537617   slice With With   638   403
2021-12-29 23:00:49.638617601 +0200 EET m=+24.125185209   slice excludes dynamically   567   403
2021-12-29 23:00:50.151301384 +0200 EET m=+24.637868992   indices way indices   187   500
2021-12-29 23:00:50.461759505 +0200 EET m=+24.948327113   excludes excludes dynamically   346   404
2021-12-29 23:00:50.881354984 +0200 EET m=+25.367922612   dynamically package slice   25   407
2021-12-29 23:00:51.463172541 +0200 EET m=+25.949740149   indices excludes way   381   500
2021-12-29 23:00:51.792669217 +0200 EET m=+26.279236935   excludes indices excludes   953   404
2021-12-29 23:00:52.061925616 +0200 EET m=+26.548493284   indices way slice   91   500
2021-12-29 23:00:52.886977986 +0200 EET m=+27.373545614   With With With   431   200
2021-12-29 23:00:53.882129654 +0200 EET m=+28.368697282   indices slice With   19   500
2021-12-29 23:00:54.298030104 +0200 EET m=+28.784597732   dynamically indices With   471   407
2021-12-29 23:00:54.460380404 +0200 EET m=+28.946948032   With indices excludes   367   200
2021-12-29 23:00:54.678571587 +0200 EET m=+29.165139215   indices way dynamically   941   500
2021-12-29 23:00:55.526653563 +0200 EET m=+30.013221181   way way With   801   206
2021-12-29 23:00:56.389758181 +0200 EET m=+30.876325809   excludes slice package   850   404
2021-12-29 23:00:56.615157169 +0200 EET m=+31.101724777   dynamically dynamically dynamically   759   407
2021-12-29 23:00:56.951671688 +0200 EET m=+31.438239316   With dynamically excludes   39   200
2021-12-29 23:00:57.940846092 +0200 EET m=+32.427413710   With dynamically slice   452   200
2021-12-29 23:00:58.614695198 +0200 EET m=+33.101262816   With package way   960   200
2021-12-29 23:00:58.898152484 +0200 EET m=+33.384720112   indices slice package   484   500
2021-12-29 23:00:59.752243496 +0200 EET m=+34.238811124   With With way   260   200
2021-12-29 23:01:00.280040555 +0200 EET m=+34.766608183   package dynamically With   158   400
2021-12-29 23:01:01.205160374 +0200 EET m=+35.691727982   package dynamically dynamically   659   400
2021-12-29 23:01:01.444553037 +0200 EET m=+35.931120645   excludes way With   598   404
2021-12-29 23:01:02.014343633 +0200 EET m=+36.500911261   dynamically way way   233   407
2021-12-29 23:01:02.969938375 +0200 EET m=+37.456505993   way slice With   197   206
2021-12-29 23:01:03.140336776 +0200 EET m=+37.626904404   indices dynamically way   326   500
2021-12-29 23:01:03.36523659 +0200 EET m=+37.851804208   dynamically slice way   763   407
2021-12-29 23:01:03.962516967 +0200 EET m=+38.449084585   dynamically package slice   198   407
2021-12-29 23:01:04.521332373 +0200 EET m=+39.007900001   package package excludes   218   400
2021-12-29 23:01:05.122198426 +0200 EET m=+39.608766044   slice indices package   175   403
2021-12-29 23:01:05.188440958 +0200 EET m=+39.675008586   slice package dynamically   259   403
2021-12-29 23:01:05.464897104 +0200 EET m=+39.951464712   dynamically indices package   301   407
2021-12-29 23:01:06.192857118 +0200 EET m=+40.679424746   dynamically package way   948   407
2021-12-29 23:01:06.907609485 +0200 EET m=+41.394177093   package With With   546   400
2021-12-29 23:01:07.395505063 +0200 EET m=+41.882072681   indices way way   906   500
2021-12-29 23:01:07.772721032 +0200 EET m=+42.259288640   With With dynamically   372   200
2021-12-29 23:01:08.311435614 +0200 EET m=+42.798003242   With With package   767   200
2021-12-29 23:01:09.062438176 +0200 EET m=+43.549005804   dynamically With way   10   407
2021-12-29 23:01:09.490064308 +0200 EET m=+43.976631916   excludes indices excludes   742   404
2021-12-29 23:01:09.731456447 +0200 EET m=+44.218024055   package package slice   831   400
2021-12-29 23:01:10.728581915 +0200 EET m=+45.215149523   way excludes With   81   206
2021-12-29 23:01:11.104093311 +0200 EET m=+45.590660919   With slice excludes   895   200
2021-12-29 23:01:11.372522406 +0200 EET m=+45.859090014   excludes slice slice   148   404
2021-12-29 23:01:11.927258712 +0200 EET m=+46.413826340   way slice excludes   617   206
2021-12-29 23:01:12.738331129 +0200 EET m=+47.224898747   package slice With   329   400
2021-12-29 23:01:13.140510079 +0200 EET m=+47.627077707   slice With indices   105   403
2021-12-29 23:01:13.995062925 +0200 EET m=+48.481630553   package With way   59   400
2021-12-29 23:01:14.935250312 +0200 EET m=+49.421817940   slice indices slice   49   403
2021-12-29 23:01:15.544589972 +0200 EET m=+50.031157590   package package With   301   400
2021-12-29 23:01:16.112506077 +0200 EET m=+50.599073705   excludes indices excludes   57   404
2021-12-29 23:01:16.243812952 +0200 EET m=+50.730380580   With indices dynamically   220   200
2021-12-29 23:01:17.08130163 +0200 EET m=+51.567869248   dynamically With dynamically   603   407
2021-12-29 23:01:17.913337217 +0200 EET m=+52.399904845   slice indices slice   875   403
2021-12-29 23:01:18.117731076 +0200 EET m=+52.604298704   dynamically excludes excludes   965   407
2021-12-29 23:01:18.129989938 +0200 EET m=+52.616557556   indices package way   480   500
2021-12-29 23:01:19.064108181 +0200 EET m=+53.550675809   dynamically package package   164   407
2021-12-29 23:01:19.219447998 +0200 EET m=+53.706015626   dynamically way indices   511   407
2021-12-29 23:01:19.775245092 +0200 EET m=+54.261812710   dynamically slice package   823   407
2021-12-29 23:01:19.787454204 +0200 EET m=+54.274021812   package way slice   336   400
2021-12-29 23:01:20.588423836 +0200 EET m=+55.074991454   dynamically slice slice   110   407
2021-12-29 23:01:21.455310278 +0200 EET m=+55.941877966   indices With slice   994   500
2021-12-29 23:01:22.409493134 +0200 EET m=+56.896060762   slice excludes slice   843   403
2021-12-29 23:01:23.401651786 +0200 EET m=+57.888219414   dynamically slice dynamically   591   407
2021-12-29 23:01:24.13159515 +0200 EET m=+58.618162778   dynamically dynamically excludes   913   407
2021-12-29 23:01:24.935772908 +0200 EET m=+59.422340536   way excludes With   769   206
2021-12-29 23:01:25.456046152 +0200 EET m=+59.942613780   excludes package indices   370   404
2021-12-29 23:01:26.03336021 +0200 EET m=+60.519927838   excludes slice way   575   404
2021-12-29 23:01:26.65335644 +0200 EET m=+61.139924068   way dynamically excludes   279   206
2021-12-29 23:01:27.617914005 +0200 EET m=+62.104481633   excludes package indices   971   404
2021-12-29 23:01:27.674183182 +0200 EET m=+62.160750810   slice package slice   619   403
2021-12-29 23:01:28.525278585 +0200 EET m=+63.011846203   With With slice   563   200
2021-12-29 23:01:29.498633816 +0200 EET m=+63.985201444   dynamically package slice   65   407
2021-12-29 23:01:29.967347549 +0200 EET m=+64.453915177   slice With dynamically   131   403
2021-12-29 23:01:30.399012673 +0200 EET m=+64.885580301   package indices dynamically   73   400
2021-12-29 23:01:31.225053447 +0200 EET m=+65.711621075   dynamically excludes With   456   407
2021-12-29 23:01:31.294308262 +0200 EET m=+65.780875920   dynamically slice With   330   407
2021-12-29 23:01:31.68189402 +0200 EET m=+66.168461658   dynamically indices excludes   443   407
2021-12-29 23:01:32.293881543 +0200 EET m=+66.780449171   excludes way dynamically   966   404
2021-12-29 23:01:32.945794665 +0200 EET m=+67.432362293   package indices excludes   678   400
2021-12-29 23:01:33.807881315 +0200 EET m=+68.294448933   way excludes excludes   132   206
2021-12-29 23:01:34.619532629 +0200 EET m=+69.106100287   way package package   838   206
2021-12-29 23:01:35.415615818 +0200 EET m=+69.902183476   slice dynamically dynamically   590   403
2021-12-29 23:01:35.485902621 +0200 EET m=+69.972470249   With dynamically slice   945   200
2021-12-29 23:01:36.186211735 +0200 EET m=+70.672779363   package dynamically package   87   400
2021-12-29 23:01:36.775089151 +0200 EET m=+71.261656779   excludes excludes With   721   404
2021-12-29 23:01:37.683210587 +0200 EET m=+72.169778215   dynamically way slice   71   407
2021-12-29 23:01:38.003736008 +0200 EET m=+72.490303636   slice excludes With   476   403
2021-12-29 23:01:38.267936622 +0200 EET m=+72.754504310   package dynamically way   512   400
2021-12-29 23:01:38.808745483 +0200 EET m=+73.295313111   excludes With dynamically   852   404
2021-12-29 23:01:39.53069954 +0200 EET m=+74.017267168   excludes way package   385   404
2021-12-29 23:01:40.311696923 +0200 EET m=+74.798264551   With dynamically indices   850   200
2021-12-29 23:01:40.72133274 +0200 EET m=+75.207900368   With slice With   239   200
2021-12-29 23:01:41.548811028 +0200 EET m=+76.035378686   With slice excludes   206   200
2021-12-29 23:01:42.042011639 +0200 EET m=+76.528579267   package indices slice   102   400
2021-12-29 23:01:42.594803654 +0200 EET m=+77.081371282   excludes package indices   879   404
2021-12-29 23:01:43.408838691 +0200 EET m=+77.895406319   package package dynamically   436   400
2021-12-29 23:01:44.042672018 +0200 EET m=+78.529239636   With package slice   982   200
2021-12-29 23:01:44.068872417 +0200 EET m=+78.555440045   way slice way   829   206
2021-12-29 23:01:44.347325909 +0200 EET m=+78.833893527   excludes indices way   109   404
2021-12-29 23:01:44.958612569 +0200 EET m=+79.445180197   slice way excludes   105   403
2021-12-29 23:01:45.559842669 +0200 EET m=+80.046410297   excludes way way   901   404
2021-12-29 23:01:46.220764722 +0200 EET m=+80.707332350   indices package With   881   500
2021-12-29 23:01:47.088250144 +0200 EET m=+81.574817772   package excludes slice   701   400
2021-12-29 23:01:47.415951491 +0200 EET m=+81.902519129   way With With   534   206
2021-12-29 23:01:47.448259645 +0200 EET m=+81.934827273   With With With   130   200
2021-12-29 23:01:47.59901901 +0200 EET m=+82.085586678   excludes indices dynamically   22   404
2021-12-29 23:01:48.02317402 +0200 EET m=+82.509741648   dynamically package dynamically   507   407
2021-12-29 23:01:48.949361225 +0200 EET m=+83.435928853   slice dynamically With   322   403
2021-12-29 23:01:49.602283578 +0200 EET m=+84.088851236   With With With   167   200
2021-12-29 23:01:50.228588599 +0200 EET m=+84.715156267   dynamically slice slice   662   407
2021-12-29 23:01:51.133855308 +0200 EET m=+85.620422976   indices way dynamically   73   500
2021-12-29 23:01:51.754740579 +0200 EET m=+86.241308247   With dynamically way   487   200
2021-12-29 23:01:52.462669519 +0200 EET m=+86.949237147   slice package With   561   403
2021-12-29 23:01:52.83191424 +0200 EET m=+87.318481888   indices slice slice   544   500
2021-12-29 23:01:53.281595514 +0200 EET m=+87.768163142   indices excludes excludes   202   500
2021-12-29 23:01:53.315819164 +0200 EET m=+87.802386792   excludes dynamically excludes   258   404
2021-12-29 23:01:53.539187798 +0200 EET m=+88.025755466   With indices With   894   200
2021-12-29 23:01:54.304199822 +0200 EET m=+88.790767450   indices way package   105   500
2021-12-29 23:01:55.195270913 +0200 EET m=+89.681838551   indices excludes slice   910   500
2021-12-29 23:01:55.622924499 +0200 EET m=+90.109492177   excludes slice indices   470   404
2021-12-29 23:01:55.728216247 +0200 EET m=+90.214783875   way dynamically excludes   855   206
2021-12-29 23:01:56.368075973 +0200 EET m=+90.854643601   package package indices   501   400
2021-12-29 23:01:57.302219362 +0200 EET m=+91.788786990   package dynamically slice   916   400
2021-12-29 23:01:57.707820601 +0200 EET m=+92.194388229   slice indices excludes   893   403
2021-12-29 23:01:58.480801478 +0200 EET m=+92.967369106   indices With dynamically   681   500
2021-12-29 23:01:58.788287911 +0200 EET m=+93.274855539   package package way   968   400
2021-12-29 23:01:59.094781657 +0200 EET m=+93.581349285   way With package   896   206
2021-12-29 23:01:59.320178777 +0200 EET m=+93.806746405   With way indices   168   200
2021-12-29 23:01:59.752797571 +0200 EET m=+94.239365199   indices dynamically slice   56   500
2021-12-29 23:02:00.02425279 +0200 EET m=+94.510820458   excludes dynamically With   584   404
2021-12-29 23:02:00.444881583 +0200 EET m=+94.931449211   dynamically slice package   483   407
2021-12-29 23:02:00.701301309 +0200 EET m=+95.187868937   slice package package   295   403
2021-12-29 23:02:01.032800875 +0200 EET m=+95.519368513   excludes indices indices   747   404
2021-12-29 23:02:01.695708974 +0200 EET m=+96.182276602   way package indices   236   206
2021-12-29 23:02:02.128353137 +0200 EET m=+96.614920765   package indices indices   814   400
2021-12-29 23:02:02.906322091 +0200 EET m=+97.392889719   excludes dynamically indices   844   404
2021-12-29 23:02:03.194955392 +0200 EET m=+97.681523020   With way indices   880   200
2021-12-29 23:02:03.662637792 +0200 EET m=+98.149205420   slice package indices   406   403
2021-12-29 23:02:04.414585589 +0200 EET m=+98.901153217   package With slice   906   400
2021-12-29 23:02:05.277647749 +0200 EET m=+99.764215377   With excludes package   58   200
2021-12-29 23:02:05.811388359 +0200 EET m=+100.297955987   excludes package dynamically   21   404
2021-12-29 23:02:06.019772301 +0200 EET m=+100.506339929   excludes way package   18   404
2021-12-29 23:02:06.586569114 +0200 EET m=+101.073136742   package indices indices   734   400
2021-12-29 23:02:06.672820819 +0200 EET m=+101.159388447   indices indices package   813   500
2021-12-29 23:02:06.847175433 +0200 EET m=+101.333743061   dynamically excludes package   417   407
2021-12-29 23:02:07.584121157 +0200 EET m=+102.070688795   dynamically indices slice   119   407
2021-12-29 23:02:08.243008709 +0200 EET m=+102.729576337   dynamically With With   539   407
2021-12-29 23:02:08.854816673 +0200 EET m=+103.341384301   excludes way package   904   404
2021-12-29 23:02:09.149282019 +0200 EET m=+103.635849647   indices excludes With   573   500
2021-12-29 23:02:09.685031355 +0200 EET m=+104.171598983   excludes package dynamically   36   404
2021-12-29 23:02:09.697249868 +0200 EET m=+104.183817496   With slice way   960   200
2021-12-29 23:02:10.113848971 +0200 EET m=+104.600416599   With slice package   343   200
2021-12-29 23:02:10.437340147 +0200 EET m=+104.923907765   slice slice way   887   403
2021-12-29 23:02:10.904006489 +0200 EET m=+105.390574117   With slice excludes   963   200
2021-12-29 23:02:11.449756002 +0200 EET m=+105.936323630   dynamically package With   679   407
2021-12-29 23:02:12.179677814 +0200 EET m=+106.666245442   slice way excludes   941   403
2021-12-29 23:02:12.804496287 +0200 EET m=+107.291063915   way indices indices   752   206
2021-12-29 23:02:13.418316057 +0200 EET m=+107.904883685   package slice indices   494   400
2021-12-29 23:02:13.649719084 +0200 EET m=+108.136286712   With slice With   159   200
2021-12-29 23:02:14.220490386 +0200 EET m=+108.707058014   excludes way way   443   404
2021-12-29 23:02:15.026478715 +0200 EET m=+109.513046343   package excludes package   164   400
2021-12-29 23:02:15.402071397 +0200 EET m=+109.888639025   indices With dynamically   494   500
2021-12-29 23:02:15.875279609 +0200 EET m=+110.361847237   indices dynamically dynamically   335   500
2021-12-29 23:02:16.10066633 +0200 EET m=+110.587233968   package way dynamically   673   400
2021-12-29 23:02:16.361112928 +0200 EET m=+110.847680556   excludes excludes indices   460   404
2021-12-29 23:02:16.525439655 +0200 EET m=+111.012007283   slice dynamically excludes   646   403
2021-12-29 23:02:16.966061992 +0200 EET m=+111.452629620   package package indices   540   400
2021-12-29 23:02:17.698995947 +0200 EET m=+112.185563575   excludes indices package   603   404
2021-12-29 23:02:18.57405762 +0200 EET m=+113.060625248   With With dynamically   803   200
2021-12-29 23:02:19.10077434 +0200 EET m=+113.587341968   dynamically With dynamically   94   407
2021-12-29 23:02:19.15603455 +0200 EET m=+113.642602158   way excludes With   642   206
2021-12-29 23:02:19.957024931 +0200 EET m=+114.443592559   way indices slice   721   206
2021-12-29 23:02:20.604911521 +0200 EET m=+115.091479189   way With With   676   206
2021-12-29 23:02:21.429950935 +0200 EET m=+115.916518583   slice package excludes   86   403
2021-12-29 23:02:22.361102526 +0200 EET m=+116.847670154   package indices excludes   13   400
2021-12-29 23:02:23.033954105 +0200 EET m=+117.520521733   slice dynamically excludes   312   403
2021-12-29 23:02:23.627750445 +0200 EET m=+118.114318073   slice way way   945   403
2021-12-29 23:02:24.471937096 +0200 EET m=+118.958504734   way excludes slice   57   206
2021-12-29 23:02:24.97163807 +0200 EET m=+119.458205698   package excludes dynamically   27   400
2021-12-29 23:02:25.037889943 +0200 EET m=+119.524457561   dynamically dynamically dynamically   658   407
2021-12-29 23:02:25.706750713 +0200 EET m=+120.193318341   package dynamically excludes   874   400
2021-12-29 23:02:26.089301328 +0200 EET m=+120.575868956   dynamically With package   943   407
2021-12-29 23:02:26.392778792 +0200 EET m=+120.879346430   way dynamically way   159   206
2021-12-29 23:02:26.662259729 +0200 EET m=+121.148827357   excludes indices way   745   404
2021-12-29 23:02:26.872646327 +0200 EET m=+121.359213955   indices package way   477   500
2021-12-29 23:02:27.42739772 +0200 EET m=+121.913965348   package indices way   577   400
2021-12-29 23:02:28.100260301 +0200 EET m=+122.586827929   slice excludes way   757   403
2021-12-29 23:02:28.736087139 +0200 EET m=+123.222654767   indices excludes indices   131   500
2021-12-29 23:02:29.248646382 +0200 EET m=+123.735214000   indices indices excludes   599   500
2021-12-29 23:02:29.983573534 +0200 EET m=+124.470141162   indices indices indices   244   500
2021-12-29 23:02:30.683798812 +0200 EET m=+125.170366430   excludes indices way   13   404
2021-12-29 23:02:30.911140678 +0200 EET m=+125.397708306   excludes excludes excludes   918   404
2021-12-29 23:02:31.675122411 +0200 EET m=+126.161690039   dynamically package way   711   407
2021-12-29 23:02:32.567216937 +0200 EET m=+127.053784545   With With dynamically   442   200
2021-12-29 23:02:32.92171194 +0200 EET m=+127.408279558   With way way   614   200
2021-12-29 23:02:33.689667573 +0200 EET m=+128.176235181   slice excludes excludes   56   403
2021-12-29 23:02:34.008143661 +0200 EET m=+128.494711269   slice With With   574   403
2021-12-29 23:02:34.841174958 +0200 EET m=+129.327742586   indices With dynamically   821   500
2021-12-29 23:02:34.864381515 +0200 EET m=+129.350949143   indices excludes way   951   500
2021-12-29 23:02:35.173852905 +0200 EET m=+129.660420533   excludes With slice   846   404
2021-12-29 23:02:35.219073659 +0200 EET m=+129.705641277   package excludes With   459   400
2021-12-29 23:02:35.57857928 +0200 EET m=+130.065146898   dynamically slice excludes   10   407
2021-12-29 23:02:36.00917821 +0200 EET m=+130.495745818   dynamically dynamically indices   140   407
2021-12-29 23:02:36.537880896 +0200 EET m=+131.024448524   slice indices package   502   403
2021-12-29 23:02:37.287822444 +0200 EET m=+131.774390072   With excludes indices   984   200
2021-12-29 23:02:37.417112286 +0200 EET m=+131.903679914   excludes excludes package   706   404
2021-12-29 23:02:37.482334941 +0200 EET m=+131.968902569   way indices package   606   206
2021-12-29 23:02:38.189235722 +0200 EET m=+132.675803350   slice dynamically way   15   403
2021-12-29 23:08:30.623886108 +0200 EET m=+0.000049991   slice package indices   212   403
2021-12-29 23:08:30.737253954 +0200 EET m=+0.113417827   slice With dynamically   304   403
2021-12-29 23:08:30.78250789 +0200 EET m=+0.158671773   excludes indices dynamically   566   404
2021-12-29 23:08:30.826732397 +0200 EET m=+0.202896270   excludes With slice   512   404
2021-12-29 23:08:30.997057689 +0200 EET m=+0.373221572   With package dynamically   351   200
2021-12-29 23:08:31.178420534 +0200 EET m=+0.554584417   package excludes package   586   400
2021-12-29 23:08:31.403816896 +0200 EET m=+0.779980779   excludes excludes indices   87   404
2021-12-29 23:08:32.379998246 +0200 EET m=+1.756162129   With slice excludes   25   200
2021-12-29 23:08:33.10294187 +0200 EET m=+2.479105753   package slice indices   130   400
2021-12-29 23:08:33.98104062 +0200 EET m=+3.357204503   dynamically way package   270   407
2021-12-29 23:08:34.468722196 +0200 EET m=+3.844886089   excludes dynamically slice   409   404
2021-12-29 23:08:34.978460612 +0200 EET m=+4.354624825   way With way   352   206
2021-12-29 23:08:35.159823899 +0200 EET m=+4.535987782   With With dynamically   219   200
2021-12-29 23:08:35.517376612 +0200 EET m=+4.893540495   slice indices slice   605   403
2021-12-29 23:08:36.232318477 +0200 EET m=+5.608482360   slice slice dynamically   838   403
2021-12-29 23:08:36.455727483 +0200 EET m=+5.831891366   dynamically package With   133   407
2021-12-29 23:08:36.694133984 +0200 EET m=+6.070297867   dynamically With package   238   407
2021-12-29 23:08:37.427076355 +0200 EET m=+6.803240238   With way excludes   318   200
2021-12-29 23:08:37.850696452 +0200 EET m=+7.226860335   way package way   81   206
2021-12-29 23:08:38.687767838 +0200 EET m=+8.063931721   slice dynamically indices   437   403
2021-12-29 23:08:38.722997978 +0200 EET m=+8.099161861   package indices With   356   400
2021-12-29 23:08:39.410919525 +0200 EET m=+8.787083408   excludes excludes dynamically   787   404
2021-12-29 23:08:39.937654743 +0200 EET m=+9.313818626   way indices dynamically   71   206
2021-12-29 23:08:40.82679121 +0200 EET m=+10.202955093   dynamically indices excludes   171   407
2021-12-29 23:08:41.247405764 +0200 EET m=+10.623569647   dynamically With dynamically   196   407
2021-12-29 23:08:41.315685916 +0200 EET m=+10.691849789   With way With   172   200
2021-12-29 23:08:41.748345381 +0200 EET m=+11.124509264   package dynamically indices   311   400
2021-12-29 23:08:41.963742947 +0200 EET m=+11.339906830   With dynamically package   680   200
2021-12-29 23:08:42.583571205 +0200 EET m=+11.959735088   package dynamically way   639   400
2021-12-29 23:08:43.159344086 +0200 EET m=+12.535507969   With dynamically way   87   200
2021-12-29 23:08:43.73312327 +0200 EET m=+13.109287153   slice excludes With   337   403
2021-12-29 23:08:44.327915757 +0200 EET m=+13.704079630   way dynamically With   316   206
2021-12-29 23:08:44.752546184 +0200 EET m=+14.128710067   slice package excludes   371   403
2021-12-29 23:08:45.417422456 +0200 EET m=+14.793586329   excludes dynamically excludes   571   404
2021-12-29 23:08:45.918144203 +0200 EET m=+15.294308076   package indices package   499   400
2021-12-29 23:08:46.855241988 +0200 EET m=+16.231405871   package slice slice   481   400
2021-12-29 23:08:47.55016443 +0200 EET m=+16.926328313   dynamically way indices   548   407
2021-12-29 23:08:48.361204548 +0200 EET m=+17.737368431   excludes indices way   600   404
2021-12-29 23:08:49.231307908 +0200 EET m=+18.607471791   package package slice   240   400
2021-12-29 23:08:49.743040668 +0200 EET m=+19.119204541   excludes dynamically excludes   460   404
2021-12-29 23:08:49.966436436 +0200 EET m=+19.342600339   slice slice package   912   403
2021-12-29 23:08:50.56727408 +0200 EET m=+19.943437963   excludes way With   513   404
2021-12-29 23:08:51.148720014 +0200 EET m=+20.524883897   excludes indices package   838   404
2021-12-29 23:08:52.111885086 +0200 EET m=+21.488048969   With package dynamically   968   200
2021-12-29 23:08:52.14510661 +0200 EET m=+21.521270513   way With slice   210   206
2021-12-29 23:08:52.370531174 +0200 EET m=+21.746695087   way way indices   90   206
2021-12-29 23:08:52.41976258 +0200 EET m=+21.795926473   indices indices way   252   500
2021-12-29 23:08:52.748279112 +0200 EET m=+22.124442985   slice package dynamically   557   403
2021-12-29 23:08:53.309095056 +0200 EET m=+22.685258939   With slice indices   203   200
2021-12-29 23:08:54.206232144 +0200 EET m=+23.582396027   package indices excludes   187   400
2021-12-29 23:08:54.941165413 +0200 EET m=+24.317329296   package With indices   706   400
2021-12-29 23:08:55.128530846 +0200 EET m=+24.504694729   slice indices package   587   403
2021-12-29 23:08:55.666343567 +0200 EET m=+25.042507450   With way With   238   200
2021-12-29 23:08:55.990799236 +0200 EET m=+25.366963119   excludes slice slice   987   404
2021-12-29 23:08:56.916957535 +0200 EET m=+26.293121418   way With With   90   206
2021-12-29 23:08:57.282498849 +0200 EET m=+26.658662732   way package package   575   206
2021-12-29 23:08:57.748198228 +0200 EET m=+27.124362111   slice way With   101   403
2021-12-29 23:08:57.860495067 +0200 EET m=+27.236658950   way With way   78   206
2021-12-29 23:08:58.462333407 +0200 EET m=+27.838497290   way excludes dynamically   640   206
2021-12-29 23:08:58.501593158 +0200 EET m=+27.877757041   dynamically With indices   168   407
2021-12-29 23:08:59.226554759 +0200 EET m=+28.602718642   dynamically slice slice   13   407
2021-12-29 23:09:00.077595394 +0200 EET m=+29.453759277   package excludes package   366   400
2021-12-29 23:09:00.465159427 +0200 EET m=+29.841323310   way dynamically indices   603   206
2021-12-29 23:09:01.412316288 +0200 EET m=+30.788480171   way way excludes   260   206
2021-12-29 23:09:01.773848254 +0200 EET m=+31.150012137   way slice indices   838   206
2021-12-29 23:09:02.21552143 +0200 EET m=+31.591685303   slice With slice   645   403
2021-12-29 23:09:03.157676645 +0200 EET m=+32.533840528   With excludes excludes   201   200
2021-12-29 23:09:03.78749605 +0200 EET m=+33.163659963   indices dynamically excludes   367   500
2021-12-29 23:09:04.755235528 +0200 EET m=+34.131399411   way With slice   692   206
2021-12-29 23:09:05.513229445 +0200 EET m=+34.889393328   excludes indices dynamically   831   404
2021-12-29 23:09:06.351262774 +0200 EET m=+35.727426657   slice package dynamically   822   403
2021-12-29 23:09:07.251390542 +0200 EET m=+36.627554425   With package With   932   200
2021-12-29 23:09:07.575220558 +0200 EET m=+36.951384441   package indices dynamically   338   400
2021-12-29 23:09:08.368249963 +0200 EET m=+37.744413876   excludes way package   623   404
2021-12-29 23:09:08.996069432 +0200 EET m=+38.372233305   slice indices With   190   403
2021-12-29 23:09:09.980209289 +0200 EET m=+39.356373172   package dynamically slice   414   400
2021-12-29 23:09:10.158562882 +0200 EET m=+39.534726765   way indices With   838   206
2021-12-29 23:09:10.700337695 +0200 EET m=+40.076501578   With indices slice   939   200
2021-12-29 23:09:11.111132035 +0200 EET m=+40.487295908   indices package indices   807   500
2021-12-29 23:09:11.891144057 +0200 EET m=+41.267307940   package way indices   733   400
2021-12-29 23:09:12.464924572 +0200 EET m=+41.841088445   excludes package indices   246   404
2021-12-29 23:09:12.507144755 +0200 EET m=+41.883308668   package package With   814   400
2021-12-29 23:09:12.569405841 +0200 EET m=+41.945569744   package slice way   624   400
2021-12-29 23:09:13.459570957 +0200 EET m=+42.835734840   slice slice dynamically   58   403
2021-12-29 23:09:13.679989653 +0200 EET m=+43.056153576   indices indices package   124   500
2021-12-29 23:09:14.273002815 +0200 EET m=+43.649166688   slice excludes way   429   403
2021-12-29 23:09:15.138080449 +0200 EET m=+44.514244332   dynamically slice indices   97   407
2021-12-29 23:09:15.910337793 +0200 EET m=+45.286501666   indices dynamically package   319   500
2021-12-29 23:09:16.144746115 +0200 EET m=+45.520909998   dynamically way way   401   407
2021-12-29 23:09:17.086928089 +0200 EET m=+46.463091972   excludes indices slice   402   404
2021-12-29 23:09:17.16419808 +0200 EET m=+46.540361953   With indices way   581   200
2021-12-29 23:09:17.576844165 +0200 EET m=+46.953008048   package slice indices   657   400
2021-12-29 23:09:18.133588983 +0200 EET m=+47.509752857   slice dynamically excludes   954   403
2021-12-29 23:09:18.328963288 +0200 EET m=+47.705127171   slice excludes package   291   403
2021-12-29 23:09:18.73459827 +0200 EET m=+48.110762163   dynamically slice With   319   407
2021-12-29 23:09:19.240312357 +0200 EET m=+48.616476240   dynamically package With   532   407
2021-12-29 23:09:19.432686778 +0200 EET m=+48.808850681   dynamically dynamically package   271   407
2021-12-29 23:09:20.018514809 +0200 EET m=+49.394678682   dynamically way slice   450   407
2021-12-29 23:09:20.704435296 +0200 EET m=+50.080599179   With With indices   14   200
2021-12-29 23:09:20.828737466 +0200 EET m=+50.204901349   indices slice package   219   500
2021-12-29 23:09:21.775041533 +0200 EET m=+51.151205416   way indices excludes   490   206
2021-12-29 23:09:21.917374192 +0200 EET m=+51.293538075   dynamically indices way   58   407
2021-12-29 23:09:22.384067238 +0200 EET m=+51.760231121   slice package package   227   403
2021-12-29 23:09:23.076967456 +0200 EET m=+52.453131339   excludes excludes excludes   323   404
2021-12-29 23:09:23.318385633 +0200 EET m=+52.694549516   way package way   742   206
2021-12-29 23:09:23.774069056 +0200 EET m=+53.150232939   With way slice   707   200
2021-12-29 23:09:24.469980656 +0200 EET m=+53.846144529   dynamically With excludes   387   407
2021-12-29 23:09:24.902615645 +0200 EET m=+54.278779528   indices indices dynamically   451   500
2021-12-29 23:09:24.911848436 +0200 EET m=+54.288012319   excludes way slice   590   404
2021-12-29 23:09:25.873022456 +0200 EET m=+55.249186339   way With package   230   206
2021-12-29 23:09:26.7591115 +0200 EET m=+56.135275383   dynamically dynamically slice   203   407
2021-12-29 23:09:27.323881349 +0200 EET m=+56.700045242   With indices With   567   200
2021-12-29 23:09:27.564301747 +0200 EET m=+56.940465630   excludes dynamically indices   235   404
2021-12-29 23:09:28.481885903 +0200 EET m=+57.858049786   indices slice way   607   500
2021-12-29 23:09:29.300914397 +0200 EET m=+58.677078280   excludes dynamically way   805   404
2021-12-29 23:09:30.087947404 +0200 EET m=+59.464111287   dynamically indices way   868   407
2021-12-29 23:09:30.153182772 +0200 EET m=+59.529346635   With package way   98   200
2021-12-29 23:09:31.004180849 +0200 EET m=+60.380344732   way excludes indices   193   206
2021-12-29 23:09:31.641891726 +0200 EET m=+61.018055609   indices slice indices   141   500
2021-12-30 20:56:09.386961127 +0200 EET m=+0.000031791   package dynamically dynamically   225   400
2021-12-30 20:56:09.499429791 +0200 EET m=+0.112500455   dynamically indices way   894   407
2021-12-30 20:56:09.607725162 +0200 EET m=+0.220795846   slice indices indices   811   403
2021-12-30 20:56:09.630959247 +0200 EET m=+0.244029931   With way package   832   200
2021-12-30 20:56:10.119638671 +0200 EET m=+0.732709345   package excludes way   402   400
2021-12-30 20:56:10.552277016 +0200 EET m=+1.165347700   slice package indices   943   403
2021-12-30 20:56:11.042001694 +0200 EET m=+1.655072378   excludes dynamically dynamically   423   404
2021-12-30 20:56:11.464661565 +0200 EET m=+2.077732249   dynamically slice excludes   781   407
2021-12-30 20:56:12.417817887 +0200 EET m=+3.030888571   excludes indices slice   902   404
2021-12-30 20:56:12.526118395 +0200 EET m=+3.139189079   indices indices slice   549   500
